[run_repair] 3 phase script(s) queued

=== RUN 101_checked_math.py ===
--- VERIFY after 101_checked_math.py ---
[run_repair] 101_checked_math.py OK + build green

=== RUN 102_status_codes.py ===
--- VERIFY after 102_status_codes.py ---
[run_repair] 102_status_codes.py OK + build green

=== RUN 103_validate.py ===
--- VERIFY after 103_validate.py ---
[run_repair] 103_validate.py OK + build green

[run_repair] ALL PHASES GREEN
[run_repair] 6 phase script(s) queued

=== RUN 101_checked_math.py ===
--- VERIFY after 101_checked_math.py ---
[run_repair] 101_checked_math.py OK + build green

=== RUN 102_status_codes.py ===
[run_repair] HALT: 102_status_codes.py failed (exit 1)
[run_repair] 6 phase script(s) queued

=== RUN 101_checked_math.py ===
--- VERIFY after 101_checked_math.py ---
[run_repair] 101_checked_math.py OK + build green

=== RUN 102_status_codes.py ===
--- VERIFY after 102_status_codes.py ---
[run_repair] 102_status_codes.py OK + build green

=== RUN 103_validate.py ===
--- VERIFY after 103_validate.py ---
[run_repair] 103_validate.py OK + build green

=== RUN 201_loader_hardening.py ===
[run_repair] HALT: 201_loader_hardening.py failed (exit 1)
[run_repair] 6 phase script(s) queued

=== RUN 101_checked_math.py ===
--- VERIFY after 101_checked_math.py ---
[run_repair] 101_checked_math.py OK + build green

=== RUN 102_status_codes.py ===
--- VERIFY after 102_status_codes.py ---
[run_repair] 102_status_codes.py OK + build green

=== RUN 103_validate.py ===
--- VERIFY after 103_validate.py ---
[run_repair] 103_validate.py OK + build green

=== RUN 201_loader_hardening.py ===
--- VERIFY after 201_loader_hardening.py ---
[run_repair] 201_loader_hardening.py OK + build green

=== RUN 202_constructor_validation.py ===
--- VERIFY after 202_constructor_validation.py ---
[run_repair] 202_constructor_validation.py OK + build green

=== RUN 203_batched_matmul_backward.py ===
--- VERIFY after 203_batched_matmul_backward.py ---
[run_repair] 203_batched_matmul_backward.py OK + build green

[run_repair] ALL PHASES GREEN
[run_repair] 7 phase script(s) queued

=== RUN 101_checked_math.py ===
--- VERIFY after 101_checked_math.py ---
[run_repair] 101_checked_math.py OK + build green

=== RUN 102_status_codes.py ===
--- VERIFY after 102_status_codes.py ---
[run_repair] 102_status_codes.py OK + build green

=== RUN 103_validate.py ===
--- VERIFY after 103_validate.py ---
[run_repair] 103_validate.py OK + build green

=== RUN 201_loader_hardening.py ===
--- VERIFY after 201_loader_hardening.py ---
[run_repair] 201_loader_hardening.py OK + build green

=== RUN 202_constructor_validation.py ===
--- VERIFY after 202_constructor_validation.py ---
[run_repair] 202_constructor_validation.py OK + build green

=== RUN 203_batched_matmul_backward.py ===
--- VERIFY after 203_batched_matmul_backward.py ---
[run_repair] 203_batched_matmul_backward.py OK + build green

=== RUN 301_fault_injection_audit.py ===
--- VERIFY after 301_fault_injection_audit.py ---
[run_repair] 301_fault_injection_audit.py OK + build green

[run_repair] ALL PHASES GREEN
[run_repair] 7 phase script(s) queued

=== RUN 101_checked_math.py ===
--- VERIFY after 101_checked_math.py ---
[run_repair] 101_checked_math.py OK + build green

=== RUN 102_status_codes.py ===
--- VERIFY after 102_status_codes.py ---
[run_repair] 102_status_codes.py OK + build green

=== RUN 103_validate.py ===
--- VERIFY after 103_validate.py ---
[run_repair] 103_validate.py OK + build green

=== RUN 201_loader_hardening.py ===
--- VERIFY after 201_loader_hardening.py ---
[run_repair] 201_loader_hardening.py OK + build green

=== RUN 202_constructor_validation.py ===
--- VERIFY after 202_constructor_validation.py ---
[run_repair] 202_constructor_validation.py OK + build green

=== RUN 203_batched_matmul_backward.py ===
--- VERIFY after 203_batched_matmul_backward.py ---
[run_repair] 203_batched_matmul_backward.py OK + build green

=== RUN 301_fault_injection_audit.py ===
--- VERIFY after 301_fault_injection_audit.py ---
[run_repair] 301_fault_injection_audit.py OK + build green

[run_repair] ALL PHASES GREEN
